Warning: `reflex_base.plugins.sitemap.SitemapPlugin` plugin is enabled by 
default, but not explicitly added to the config. If you want to use it, please 
add it to the `plugins` list in your config inside of `rxconfig.py`. To disable
this plugin, add `SitemapPlugin` to the `disable_plugins` list.
Warning: Windows Subsystem for Linux (WSL) is recommended for improving initial
install times.
Warning: `reflex_base.plugins.sitemap.SitemapPlugin` plugin is enabled by 
default, but not explicitly added to the config. If you want to use it, please 
add it to the `plugins` list in your config inside of `rxconfig.py`. To disable
this plugin, add `SitemapPlugin` to the `disable_plugins` list.
----------------------------- Starting Reflex App -----------------------------
Warning: `reflex_base.plugins.sitemap.SitemapPlugin` plugin is enabled by 
default, but not explicitly added to the config. If you want to use it, please 
add it to the `plugins` list in your config inside of `rxconfig.py`. To disable
this plugin, add `SitemapPlugin` to the `disable_plugins` list.
Warning: `reflex_base.plugins.sitemap.SitemapPlugin` plugin is enabled by 
default, but not explicitly added to the config. If you want to use it, please 
add it to the `plugins` list in your config inside of `rxconfig.py`. To disable
this plugin, add `SitemapPlugin` to the `disable_plugins` list.
Compiling: ---------------------------------------- 100% 18/17 0:00:00
--------------------------------- App Running ---------------------------------
Warning: `reflex_base.plugins.sitemap.SitemapPlugin` plugin is enabled by 
default, but not explicitly added to the config. If you want to use it, please 
add it to the `plugins` list in your config inside of `rxconfig.py`. To disable
this plugin, add `SitemapPlugin` to the `disable_plugins` list.
App running at: http://localhost:3000/
Backend running at: http://127.0.0.1:8000
Warning: `reflex_base.plugins.sitemap.SitemapPlugin` plugin is enabled by 
default, but not explicitly added to the config. If you want to use it, please 
add it to the `plugins` list in your config inside of `rxconfig.py`. To disable
this plugin, add `SitemapPlugin` to the `disable_plugins` list.
Warning: `reflex_base.plugins.sitemap.SitemapPlugin` plugin is enabled by 
default, but not explicitly added to the config. If you want to use it, please 
add it to the `plugins` list in your config inside of `rxconfig.py`. To disable
this plugin, add `SitemapPlugin` to the `disable_plugins` list.
Warning: `reflex_base.plugins.sitemap.SitemapPlugin` plugin is enabled by 
default, but not explicitly added to the config. If you want to use it, please 
add it to the `plugins` list in your config inside of `rxconfig.py`. To disable
this plugin, add `SitemapPlugin` to the `disable_plugins` list.
Compiling: ---------------------------------------- 100% 18/17 0:00:00
Warning: `reflex_base.plugins.sitemap.SitemapPlugin` plugin is enabled by 
default, but not explicitly added to the config. If you want to use it, please 
add it to the `plugins` list in your config inside of `rxconfig.py`. To disable
this plugin, add `SitemapPlugin` to the `disable_plugins` list.
Warning: `reflex_base.plugins.sitemap.SitemapPlugin` plugin is enabled by 
default, but not explicitly added to the config. If you want to use it, please 
add it to the `plugins` list in your config inside of `rxconfig.py`. To disable
this plugin, add `SitemapPlugin` to the `disable_plugins` list.
Compiling: ---------------------------------------- 100% 18/17 0:00:00
Warning: `reflex_base.plugins.sitemap.SitemapPlugin` plugin is enabled by 
default, but not explicitly added to the config. If you want to use it, please 
add it to the `plugins` list in your config inside of `rxconfig.py`. To disable
this plugin, add `SitemapPlugin` to the `disable_plugins` list.
Warning: `reflex_base.plugins.sitemap.SitemapPlugin` plugin is enabled by 
default, but not explicitly added to the config. If you want to use it, please 
add it to the `plugins` list in your config inside of `rxconfig.py`. To disable
this plugin, add `SitemapPlugin` to the `disable_plugins` list.
Compiling: ---------------------------------------- 100% 18/17 0:00:00
Warning: `reflex_base.plugins.sitemap.SitemapPlugin` plugin is enabled by 
default, but not explicitly added to the config. If you want to use it, please 
add it to the `plugins` list in your config inside of `rxconfig.py`. To disable
this plugin, add `SitemapPlugin` to the `disable_plugins` list.
Warning: `reflex_base.plugins.sitemap.SitemapPlugin` plugin is enabled by 
default, but not explicitly added to the config. If you want to use it, please 
add it to the `plugins` list in your config inside of `rxconfig.py`. To disable
this plugin, add `SitemapPlugin` to the `disable_plugins` list.
Compiling: ---------------------------------------- 100% 18/17 0:00:00
Warning: `reflex_base.plugins.sitemap.SitemapPlugin` plugin is enabled by 
default, but not explicitly added to the config. If you want to use it, please 
add it to the `plugins` list in your config inside of `rxconfig.py`. To disable
this plugin, add `SitemapPlugin` to the `disable_plugins` list.
Warning: `reflex_base.plugins.sitemap.SitemapPlugin` plugin is enabled by 
default, but not explicitly added to the config. If you want to use it, please 
add it to the `plugins` list in your config inside of `rxconfig.py`. To disable
this plugin, add `SitemapPlugin` to the `disable_plugins` list.
Compiling: ---------------------------------------- 100% 18/17 0:00:00
Warning: `reflex_base.plugins.sitemap.SitemapPlugin` plugin is enabled by 
default, but not explicitly added to the config. If you want to use it, please 
add it to the `plugins` list in your config inside of `rxconfig.py`. To disable
this plugin, add `SitemapPlugin` to the `disable_plugins` list.
Warning: `reflex_base.plugins.sitemap.SitemapPlugin` plugin is enabled by 
default, but not explicitly added to the config. If you want to use it, please 
add it to the `plugins` list in your config inside of `rxconfig.py`. To disable
this plugin, add `SitemapPlugin` to the `disable_plugins` list.
Compiling: ---------------------------------------- 100% 18/17 0:00:00
Warning: `reflex_base.plugins.sitemap.SitemapPlugin` plugin is enabled by 
default, but not explicitly added to the config. If you want to use it, please 
add it to the `plugins` list in your config inside of `rxconfig.py`. To disable
this plugin, add `SitemapPlugin` to the `disable_plugins` list.
Warning: `reflex_base.plugins.sitemap.SitemapPlugin` plugin is enabled by 
default, but not explicitly added to the config. If you want to use it, please 
add it to the `plugins` list in your config inside of `rxconfig.py`. To disable
this plugin, add `SitemapPlugin` to the `disable_plugins` list.
Compiling: ---------------------------------------- 100% 18/17 0:00:00
Warning: `reflex_base.plugins.sitemap.SitemapPlugin` plugin is enabled by 
default, but not explicitly added to the config. If you want to use it, please 
add it to the `plugins` list in your config inside of `rxconfig.py`. To disable
this plugin, add `SitemapPlugin` to the `disable_plugins` list.
Warning: `reflex_base.plugins.sitemap.SitemapPlugin` plugin is enabled by 
default, but not explicitly added to the config. If you want to use it, please 
add it to the `plugins` list in your config inside of `rxconfig.py`. To disable
this plugin, add `SitemapPlugin` to the `disable_plugins` list.
Compiling: ---------------------------------------- 100% 18/17 0:00:00
Warning: `reflex_base.plugins.sitemap.SitemapPlugin` plugin is enabled by 
default, but not explicitly added to the config. If you want to use it, please 
add it to the `plugins` list in your config inside of `rxconfig.py`. To disable
this plugin, add `SitemapPlugin` to the `disable_plugins` list.
Warning: `reflex_base.plugins.sitemap.SitemapPlugin` plugin is enabled by 
default, but not explicitly added to the config. If you want to use it, please 
add it to the `plugins` list in your config inside of `rxconfig.py`. To disable
this plugin, add `SitemapPlugin` to the `disable_plugins` list.
Compiling: ---------------------------------------- 100% 18/17 0:00:00
Warning: `reflex_base.plugins.sitemap.SitemapPlugin` plugin is enabled by 
default, but not explicitly added to the config. If you want to use it, please 
add it to the `plugins` list in your config inside of `rxconfig.py`. To disable
this plugin, add `SitemapPlugin` to the `disable_plugins` list.
Warning: `reflex_base.plugins.sitemap.SitemapPlugin` plugin is enabled by 
default, but not explicitly added to the config. If you want to use it, please 
add it to the `plugins` list in your config inside of `rxconfig.py`. To disable
this plugin, add `SitemapPlugin` to the `disable_plugins` list.
Compiling: ---------------------------------------- 100% 18/17 0:00:00
Warning: `reflex_base.plugins.sitemap.SitemapPlugin` plugin is enabled by 
default, but not explicitly added to the config. If you want to use it, please 
add it to the `plugins` list in your config inside of `rxconfig.py`. To disable
this plugin, add `SitemapPlugin` to the `disable_plugins` list.
Warning: `reflex_base.plugins.sitemap.SitemapPlugin` plugin is enabled by 
default, but not explicitly added to the config. If you want to use it, please 
add it to the `plugins` list in your config inside of `rxconfig.py`. To disable
this plugin, add `SitemapPlugin` to the `disable_plugins` list.
Compiling: ---------------------------------------- 100% 18/17 0:00:00
Warning: `reflex_base.plugins.sitemap.SitemapPlugin` plugin is enabled by 
default, but not explicitly added to the config. If you want to use it, please 
add it to the `plugins` list in your config inside of `rxconfig.py`. To disable
this plugin, add `SitemapPlugin` to the `disable_plugins` list.
Warning: `reflex_base.plugins.sitemap.SitemapPlugin` plugin is enabled by 
default, but not explicitly added to the config. If you want to use it, please 
add it to the `plugins` list in your config inside of `rxconfig.py`. To disable
this plugin, add `SitemapPlugin` to the `disable_plugins` list.
Compiling: ---------------------------------------- 100% 18/17 0:00:00
Warning: `reflex_base.plugins.sitemap.SitemapPlugin` plugin is enabled by 
default, but not explicitly added to the config. If you want to use it, please 
add it to the `plugins` list in your config inside of `rxconfig.py`. To disable
this plugin, add `SitemapPlugin` to the `disable_plugins` list.
Warning: `reflex_base.plugins.sitemap.SitemapPlugin` plugin is enabled by 
default, but not explicitly added to the config. If you want to use it, please 
add it to the `plugins` list in your config inside of `rxconfig.py`. To disable
this plugin, add `SitemapPlugin` to the `disable_plugins` list.
Compiling: ---------------------------------------- 100% 18/17 0:00:00
Warning: `reflex_base.plugins.sitemap.SitemapPlugin` plugin is enabled by 
default, but not explicitly added to the config. If you want to use it, please 
add it to the `plugins` list in your config inside of `rxconfig.py`. To disable
this plugin, add `SitemapPlugin` to the `disable_plugins` list.
Warning: `reflex_base.plugins.sitemap.SitemapPlugin` plugin is enabled by 
default, but not explicitly added to the config. If you want to use it, please 
add it to the `plugins` list in your config inside of `rxconfig.py`. To disable
this plugin, add `SitemapPlugin` to the `disable_plugins` list.
Compiling: ---------------------------------------- 100% 18/17 0:00:00
Warning: `reflex_base.plugins.sitemap.SitemapPlugin` plugin is enabled by 
default, but not explicitly added to the config. If you want to use it, please 
add it to the `plugins` list in your config inside of `rxconfig.py`. To disable
this plugin, add `SitemapPlugin` to the `disable_plugins` list.
Warning: `reflex_base.plugins.sitemap.SitemapPlugin` plugin is enabled by 
default, but not explicitly added to the config. If you want to use it, please 
add it to the `plugins` list in your config inside of `rxconfig.py`. To disable
this plugin, add `SitemapPlugin` to the `disable_plugins` list.
Compiling: ---------------------------------------- 100% 18/17 0:00:00
Warning: `reflex_base.plugins.sitemap.SitemapPlugin` plugin is enabled by 
default, but not explicitly added to the config. If you want to use it, please 
add it to the `plugins` list in your config inside of `rxconfig.py`. To disable
this plugin, add `SitemapPlugin` to the `disable_plugins` list.
Warning: `reflex_base.plugins.sitemap.SitemapPlugin` plugin is enabled by 
default, but not explicitly added to the config. If you want to use it, please 
add it to the `plugins` list in your config inside of `rxconfig.py`. To disable
this plugin, add `SitemapPlugin` to the `disable_plugins` list.
Compiling: ---------------------------------------- 100% 18/17 0:00:00
Warning: `reflex_base.plugins.sitemap.SitemapPlugin` plugin is enabled by 
default, but not explicitly added to the config. If you want to use it, please 
add it to the `plugins` list in your config inside of `rxconfig.py`. To disable
this plugin, add `SitemapPlugin` to the `disable_plugins` list.
Warning: `reflex_base.plugins.sitemap.SitemapPlugin` plugin is enabled by 
default, but not explicitly added to the config. If you want to use it, please 
add it to the `plugins` list in your config inside of `rxconfig.py`. To disable
this plugin, add `SitemapPlugin` to the `disable_plugins` list.
Compiling: ---------------------------------------- 100% 18/17 0:00:00
Warning: `reflex_base.plugins.sitemap.SitemapPlugin` plugin is enabled by 
default, but not explicitly added to the config. If you want to use it, please 
add it to the `plugins` list in your config inside of `rxconfig.py`. To disable
this plugin, add `SitemapPlugin` to the `disable_plugins` list.
Warning: `reflex_base.plugins.sitemap.SitemapPlugin` plugin is enabled by 
default, but not explicitly added to the config. If you want to use it, please 
add it to the `plugins` list in your config inside of `rxconfig.py`. To disable
this plugin, add `SitemapPlugin` to the `disable_plugins` list.
Compiling: ---------------------------------------- 100% 18/17 0:00:00
Warning: `reflex_base.plugins.sitemap.SitemapPlugin` plugin is enabled by 
default, but not explicitly added to the config. If you want to use it, please 
add it to the `plugins` list in your config inside of `rxconfig.py`. To disable
this plugin, add `SitemapPlugin` to the `disable_plugins` list.
Warning: `reflex_base.plugins.sitemap.SitemapPlugin` plugin is enabled by 
default, but not explicitly added to the config. If you want to use it, please 
add it to the `plugins` list in your config inside of `rxconfig.py`. To disable
this plugin, add `SitemapPlugin` to the `disable_plugins` list.
Compiling: ---------------------------------------- 100% 18/17 0:00:00
Warning: `reflex_base.plugins.sitemap.SitemapPlugin` plugin is enabled by 
default, but not explicitly added to the config. If you want to use it, please 
add it to the `plugins` list in your config inside of `rxconfig.py`. To disable
this plugin, add `SitemapPlugin` to the `disable_plugins` list.
Warning: `reflex_base.plugins.sitemap.SitemapPlugin` plugin is enabled by 
default, but not explicitly added to the config. If you want to use it, please 
add it to the `plugins` list in your config inside of `rxconfig.py`. To disable
this plugin, add `SitemapPlugin` to the `disable_plugins` list.
Compiling: ---------------------------------------- 100% 18/17 0:00:00
Warning: `reflex_base.plugins.sitemap.SitemapPlugin` plugin is enabled by 
default, but not explicitly added to the config. If you want to use it, please 
add it to the `plugins` list in your config inside of `rxconfig.py`. To disable
this plugin, add `SitemapPlugin` to the `disable_plugins` list.
Warning: `reflex_base.plugins.sitemap.SitemapPlugin` plugin is enabled by 
default, but not explicitly added to the config. If you want to use it, please 
add it to the `plugins` list in your config inside of `rxconfig.py`. To disable
this plugin, add `SitemapPlugin` to the `disable_plugins` list.
Compiling: ---------------------------------------- 100% 18/17 0:00:00
Warning: `reflex_base.plugins.sitemap.SitemapPlugin` plugin is enabled by 
default, but not explicitly added to the config. If you want to use it, please 
add it to the `plugins` list in your config inside of `rxconfig.py`. To disable
this plugin, add `SitemapPlugin` to the `disable_plugins` list.
Warning: `reflex_base.plugins.sitemap.SitemapPlugin` plugin is enabled by 
default, but not explicitly added to the config. If you want to use it, please 
add it to the `plugins` list in your config inside of `rxconfig.py`. To disable
this plugin, add `SitemapPlugin` to the `disable_plugins` list.
Compiling: ---------------------------------------- 100% 18/17 0:00:00
Warning: `reflex_base.plugins.sitemap.SitemapPlugin` plugin is enabled by 
default, but not explicitly added to the config. If you want to use it, please 
add it to the `plugins` list in your config inside of `rxconfig.py`. To disable
this plugin, add `SitemapPlugin` to the `disable_plugins` list.
Warning: `reflex_base.plugins.sitemap.SitemapPlugin` plugin is enabled by 
default, but not explicitly added to the config. If you want to use it, please 
add it to the `plugins` list in your config inside of `rxconfig.py`. To disable
this plugin, add `SitemapPlugin` to the `disable_plugins` list.
Compiling: ---------------------------------------- 100% 18/17 0:00:00
Warning: `reflex_base.plugins.sitemap.SitemapPlugin` plugin is enabled by 
default, but not explicitly added to the config. If you want to use it, please 
add it to the `plugins` list in your config inside of `rxconfig.py`. To disable
this plugin, add `SitemapPlugin` to the `disable_plugins` list.
Warning: `reflex_base.plugins.sitemap.SitemapPlugin` plugin is enabled by 
default, but not explicitly added to the config. If you want to use it, please 
add it to the `plugins` list in your config inside of `rxconfig.py`. To disable
this plugin, add `SitemapPlugin` to the `disable_plugins` list.
Compiling: ---------------------------------------- 100% 18/17 0:00:00
Warning: `reflex_base.plugins.sitemap.SitemapPlugin` plugin is enabled by 
default, but not explicitly added to the config. If you want to use it, please 
add it to the `plugins` list in your config inside of `rxconfig.py`. To disable
this plugin, add `SitemapPlugin` to the `disable_plugins` list.
Warning: `reflex_base.plugins.sitemap.SitemapPlugin` plugin is enabled by 
default, but not explicitly added to the config. If you want to use it, please 
add it to the `plugins` list in your config inside of `rxconfig.py`. To disable
this plugin, add `SitemapPlugin` to the `disable_plugins` list.
Compiling: ---------------------------------------- 100% 18/17 0:00:00
Warning: `reflex_base.plugins.sitemap.SitemapPlugin` plugin is enabled by 
default, but not explicitly added to the config. If you want to use it, please 
add it to the `plugins` list in your config inside of `rxconfig.py`. To disable
this plugin, add `SitemapPlugin` to the `disable_plugins` list.
Warning: `reflex_base.plugins.sitemap.SitemapPlugin` plugin is enabled by 
default, but not explicitly added to the config. If you want to use it, please 
add it to the `plugins` list in your config inside of `rxconfig.py`. To disable
this plugin, add `SitemapPlugin` to the `disable_plugins` list.
Compiling: ---------------------------------------- 100% 18/17 0:00:00
Warning: `reflex_base.plugins.sitemap.SitemapPlugin` plugin is enabled by 
default, but not explicitly added to the config. If you want to use it, please 
add it to the `plugins` list in your config inside of `rxconfig.py`. To disable
this plugin, add `SitemapPlugin` to the `disable_plugins` list.
Warning: `reflex_base.plugins.sitemap.SitemapPlugin` plugin is enabled by 
default, but not explicitly added to the config. If you want to use it, please 
add it to the `plugins` list in your config inside of `rxconfig.py`. To disable
this plugin, add `SitemapPlugin` to the `disable_plugins` list.
Compiling: ---------------------------------------- 100% 18/17 0:00:00
Warning: `reflex_base.plugins.sitemap.SitemapPlugin` plugin is enabled by 
default, but not explicitly added to the config. If you want to use it, please 
add it to the `plugins` list in your config inside of `rxconfig.py`. To disable
this plugin, add `SitemapPlugin` to the `disable_plugins` list.
Warning: `reflex_base.plugins.sitemap.SitemapPlugin` plugin is enabled by 
default, but not explicitly added to the config. If you want to use it, please 
add it to the `plugins` list in your config inside of `rxconfig.py`. To disable
this plugin, add `SitemapPlugin` to the `disable_plugins` list.
Compiling: ---------------------------------------- 100% 18/17 0:00:00
Warning: `reflex_base.plugins.sitemap.SitemapPlugin` plugin is enabled by 
default, but not explicitly added to the config. If you want to use it, please 
add it to the `plugins` list in your config inside of `rxconfig.py`. To disable
this plugin, add `SitemapPlugin` to the `disable_plugins` list.
Warning: `reflex_base.plugins.sitemap.SitemapPlugin` plugin is enabled by 
default, but not explicitly added to the config. If you want to use it, please 
add it to the `plugins` list in your config inside of `rxconfig.py`. To disable
this plugin, add `SitemapPlugin` to the `disable_plugins` list.
Compiling: ---------------------------------------- 100% 18/17 0:00:00
Warning: `reflex_base.plugins.sitemap.SitemapPlugin` plugin is enabled by 
default, but not explicitly added to the config. If you want to use it, please 
add it to the `plugins` list in your config inside of `rxconfig.py`. To disable
this plugin, add `SitemapPlugin` to the `disable_plugins` list.
Warning: `reflex_base.plugins.sitemap.SitemapPlugin` plugin is enabled by 
default, but not explicitly added to the config. If you want to use it, please 
add it to the `plugins` list in your config inside of `rxconfig.py`. To disable
this plugin, add `SitemapPlugin` to the `disable_plugins` list.
Compiling: ---------------------------------------- 100% 18/17 0:00:00
Warning: `reflex_base.plugins.sitemap.SitemapPlugin` plugin is enabled by 
default, but not explicitly added to the config. If you want to use it, please 
add it to the `plugins` list in your config inside of `rxconfig.py`. To disable
this plugin, add `SitemapPlugin` to the `disable_plugins` list.
Warning: `reflex_base.plugins.sitemap.SitemapPlugin` plugin is enabled by 
default, but not explicitly added to the config. If you want to use it, please 
add it to the `plugins` list in your config inside of `rxconfig.py`. To disable
this plugin, add `SitemapPlugin` to the `disable_plugins` list.
Compiling: ---------------------------------------- 100% 18/17 0:00:00
Warning: `reflex_base.plugins.sitemap.SitemapPlugin` plugin is enabled by 
default, but not explicitly added to the config. If you want to use it, please 
add it to the `plugins` list in your config inside of `rxconfig.py`. To disable
this plugin, add `SitemapPlugin` to the `disable_plugins` list.
Warning: `reflex_base.plugins.sitemap.SitemapPlugin` plugin is enabled by 
default, but not explicitly added to the config. If you want to use it, please 
add it to the `plugins` list in your config inside of `rxconfig.py`. To disable
this plugin, add `SitemapPlugin` to the `disable_plugins` list.
Compiling: ---------------------------------------- 100% 18/17 0:00:00
Warning: `reflex_base.plugins.sitemap.SitemapPlugin` plugin is enabled by 
default, but not explicitly added to the config. If you want to use it, please 
add it to the `plugins` list in your config inside of `rxconfig.py`. To disable
this plugin, add `SitemapPlugin` to the `disable_plugins` list.
Warning: `reflex_base.plugins.sitemap.SitemapPlugin` plugin is enabled by 
default, but not explicitly added to the config. If you want to use it, please 
add it to the `plugins` list in your config inside of `rxconfig.py`. To disable
this plugin, add `SitemapPlugin` to the `disable_plugins` list.
Compiling: ---------------------------------------- 100% 18/17 0:00:00
Warning: `reflex_base.plugins.sitemap.SitemapPlugin` plugin is enabled by 
default, but not explicitly added to the config. If you want to use it, please 
add it to the `plugins` list in your config inside of `rxconfig.py`. To disable
this plugin, add `SitemapPlugin` to the `disable_plugins` list.
Warning: `reflex_base.plugins.sitemap.SitemapPlugin` plugin is enabled by 
default, but not explicitly added to the config. If you want to use it, please 
add it to the `plugins` list in your config inside of `rxconfig.py`. To disable
this plugin, add `SitemapPlugin` to the `disable_plugins` list.
Compiling: ---------------------------------------- 100% 18/17 0:00:00
Warning: `reflex_base.plugins.sitemap.SitemapPlugin` plugin is enabled by 
default, but not explicitly added to the config. If you want to use it, please 
add it to the `plugins` list in your config inside of `rxconfig.py`. To disable
this plugin, add `SitemapPlugin` to the `disable_plugins` list.
Warning: `reflex_base.plugins.sitemap.SitemapPlugin` plugin is enabled by 
default, but not explicitly added to the config. If you want to use it, please 
add it to the `plugins` list in your config inside of `rxconfig.py`. To disable
this plugin, add `SitemapPlugin` to the `disable_plugins` list.
Compiling: ---------------------------------------- 100% 18/17 0:00:00
Warning: `reflex_base.plugins.sitemap.SitemapPlugin` plugin is enabled by 
default, but not explicitly added to the config. If you want to use it, please 
add it to the `plugins` list in your config inside of `rxconfig.py`. To disable
this plugin, add `SitemapPlugin` to the `disable_plugins` list.
Warning: `reflex_base.plugins.sitemap.SitemapPlugin` plugin is enabled by 
default, but not explicitly added to the config. If you want to use it, please 
add it to the `plugins` list in your config inside of `rxconfig.py`. To disable
this plugin, add `SitemapPlugin` to the `disable_plugins` list.
Compiling: ---------------------------------------- 100% 18/17 0:00:00
Warning: `reflex_base.plugins.sitemap.SitemapPlugin` plugin is enabled by 
default, but not explicitly added to the config. If you want to use it, please 
add it to the `plugins` list in your config inside of `rxconfig.py`. To disable
this plugin, add `SitemapPlugin` to the `disable_plugins` list.
Warning: `reflex_base.plugins.sitemap.SitemapPlugin` plugin is enabled by 
default, but not explicitly added to the config. If you want to use it, please 
add it to the `plugins` list in your config inside of `rxconfig.py`. To disable
this plugin, add `SitemapPlugin` to the `disable_plugins` list.
Compiling: ---------------------------------------- 100% 18/17 0:00:00
Warning: `reflex_base.plugins.sitemap.SitemapPlugin` plugin is enabled by 
default, but not explicitly added to the config. If you want to use it, please 
add it to the `plugins` list in your config inside of `rxconfig.py`. To disable
this plugin, add `SitemapPlugin` to the `disable_plugins` list.
Warning: `reflex_base.plugins.sitemap.SitemapPlugin` plugin is enabled by 
default, but not explicitly added to the config. If you want to use it, please 
add it to the `plugins` list in your config inside of `rxconfig.py`. To disable
this plugin, add `SitemapPlugin` to the `disable_plugins` list.
Compiling: ---------------------------------------- 100% 18/17 0:00:00
Warning: `reflex_base.plugins.sitemap.SitemapPlugin` plugin is enabled by 
default, but not explicitly added to the config. If you want to use it, please 
add it to the `plugins` list in your config inside of `rxconfig.py`. To disable
this plugin, add `SitemapPlugin` to the `disable_plugins` list.
Warning: `reflex_base.plugins.sitemap.SitemapPlugin` plugin is enabled by 
default, but not explicitly added to the config. If you want to use it, please 
add it to the `plugins` list in your config inside of `rxconfig.py`. To disable
this plugin, add `SitemapPlugin` to the `disable_plugins` list.
Compiling: ---------------------------------------- 100% 18/17 0:00:00
Warning: `reflex_base.plugins.sitemap.SitemapPlugin` plugin is enabled by 
default, but not explicitly added to the config. If you want to use it, please 
add it to the `plugins` list in your config inside of `rxconfig.py`. To disable
this plugin, add `SitemapPlugin` to the `disable_plugins` list.
Warning: `reflex_base.plugins.sitemap.SitemapPlugin` plugin is enabled by 
default, but not explicitly added to the config. If you want to use it, please 
add it to the `plugins` list in your config inside of `rxconfig.py`. To disable
this plugin, add `SitemapPlugin` to the `disable_plugins` list.
Warning: `reflex_base.plugins.sitemap.SitemapPlugin` plugin is enabled by 
default, but not explicitly added to the config. If you want to use it, please 
add it to the `plugins` list in your config inside of `rxconfig.py`. To disable
this plugin, add `SitemapPlugin` to the `disable_plugins` list.
Compiling: ---------------------------------------- 100% 18/17 0:00:00
Warning: `reflex_base.plugins.sitemap.SitemapPlugin` plugin is enabled by 
default, but not explicitly added to the config. If you want to use it, please 
add it to the `plugins` list in your config inside of `rxconfig.py`. To disable
this plugin, add `SitemapPlugin` to the `disable_plugins` list.
Warning: `reflex_base.plugins.sitemap.SitemapPlugin` plugin is enabled by 
default, but not explicitly added to the config. If you want to use it, please 
add it to the `plugins` list in your config inside of `rxconfig.py`. To disable
this plugin, add `SitemapPlugin` to the `disable_plugins` list.
Compiling: ---------------------------------------- 100% 18/17 0:00:00
Warning: `reflex_base.plugins.sitemap.SitemapPlugin` plugin is enabled by 
default, but not explicitly added to the config. If you want to use it, please 
add it to the `plugins` list in your config inside of `rxconfig.py`. To disable
this plugin, add `SitemapPlugin` to the `disable_plugins` list.
Warning: `reflex_base.plugins.sitemap.SitemapPlugin` plugin is enabled by 
default, but not explicitly added to the config. If you want to use it, please 
add it to the `plugins` list in your config inside of `rxconfig.py`. To disable
this plugin, add `SitemapPlugin` to the `disable_plugins` list.
Compiling: ---------------------------------------- 100% 18/17 0:00:00
Warning: `reflex_base.plugins.sitemap.SitemapPlugin` plugin is enabled by 
default, but not explicitly added to the config. If you want to use it, please 
add it to the `plugins` list in your config inside of `rxconfig.py`. To disable
this plugin, add `SitemapPlugin` to the `disable_plugins` list.
Warning: `reflex_base.plugins.sitemap.SitemapPlugin` plugin is enabled by 
default, but not explicitly added to the config. If you want to use it, please 
add it to the `plugins` list in your config inside of `rxconfig.py`. To disable
this plugin, add `SitemapPlugin` to the `disable_plugins` list.
Compiling: ---------------------------------------- 100% 18/17 0:00:00
Warning: `reflex_base.plugins.sitemap.SitemapPlugin` plugin is enabled by 
default, but not explicitly added to the config. If you want to use it, please 
add it to the `plugins` list in your config inside of `rxconfig.py`. To disable
this plugin, add `SitemapPlugin` to the `disable_plugins` list.
Warning: `reflex_base.plugins.sitemap.SitemapPlugin` plugin is enabled by 
default, but not explicitly added to the config. If you want to use it, please 
add it to the `plugins` list in your config inside of `rxconfig.py`. To disable
this plugin, add `SitemapPlugin` to the `disable_plugins` list.
Compiling: ---------------------------------------- 100% 18/17 0:00:00
[ERROR] Unexpected exit from worker-1
